// Vitest Snapshot v1

exports[`extra fields at end of stack trace 1`] = `
{
  "error": "HTTPError",
  "failed": false,
  "message": "Response code 401 (Unauthorized)",
  "stack": [
    {
      "raw": "at Request2.<anonymous> (file:///var/task/src/foo.mjs:19386:37)",
    },
    {
      "raw": "at process.processTicksAndRejections (node:internal/process/task_queues:95:5)",
    },
  ],
}
`;

exports[`node inline 1`] = `
{
  "error": "DatabaseError",
  "failed": false,
  "message": "target: sst.-.primary: vttablet: rpc error: code = AlreadyExists desc = Duplicate entry 'foo' for key 'workspace.slug' (errno 1062) (sqlstate 23000) (CallerID: lq15hm6s0ctusshuarsx): Sql: \\"insert into workspace(id, time_created, time_updated, time_deleted, slug, stripe_customer_id, stripe_subscription_id, stripe_subscription_item_id) values (:vtg1 /* VARCHAR */, default, default, default, :vtg2 /* VARCHAR */, default, default, default)\\", BindVars: {REDACTED}",
  "stack": [
    {
      "raw": "at _Connection.execute (file:///var/task/packages/functions/src/replicache/push1.mjs:47211:13)",
    },
    {
      "raw": "at runMicrotasks (<anonymous>)",
    },
    {
      "raw": "at processTicksAndRejections (node:internal/process/task_queues:96:5)",
    },
    {
      "raw": "at async file:///var/task/packages/functions/src/replicache/push1.mjs:69523:5",
    },
    {
      "raw": "at async file:///var/task/packages/functions/src/replicache/push1.mjs:76353:22",
    },
    {
      "raw": "at async file:///var/task/packages/functions/src/replicache/push1.mjs:76423:9",
    },
    {
      "raw": "at async db.transaction.isolationLevel (file:///var/task/packages/functions/src/replicache/push1.mjs:55325:25)",
    },
    {
      "raw": "at async _Connection.transaction (file:///var/task/packages/functions/src/replicache/push1.mjs:47190:19)",
    },
    {
      "raw": "at async createTransaction (file:///var/task/packages/functions/src/replicache/push1.mjs:55322:20)",
    },
    {
      "raw": "at async file:///var/task/packages/functions/src/replicache/push1.mjs:76380:5",
    },
  ],
}
`;

exports[`node inline multiline 1`] = `
{
  "error": "ZodError",
  "failed": false,
  "message": "[
  {
    \\"code\\": \\"too_small\\",
    \\"minimum\\": 1,
    \\"type\\": \\"string\\",
    \\"inclusive\\": true,
    \\"exact\\": false,
    \\"message\\": \\"String must contain at least 1 character(s)\\",
    \\"path\\": [
      \\"slug\\"
    ]
  },
  {
    \\"code\\": \\"too_small\\",
    \\"minimum\\": 3,
    \\"type\\": \\"string\\",
    \\"inclusive\\": true,
    \\"exact\\": false,
    \\"message\\": \\"String must contain at least 3 character(s)\\",
    \\"path\\": [
      \\"slug\\"
    ]
  },
  {
    \\"validation\\": \\"regex\\",
    \\"code\\": \\"invalid_string\\",
    \\"message\\": \\"Invalid\\",
    \\"path\\": [
      \\"slug\\"
    ]
  }
]",
  "stack": [
    {
      "raw": "at Object.get error [as error] (file:///var/task/packages/functions/src/replicache/push1.mjs:37260:23)",
    },
    {
      "raw": "at _ZodObject.parse (file:///var/task/packages/functions/src/replicache/push1.mjs:37363:18)",
    },
    {
      "raw": "at Object.result (file:///var/task/packages/functions/src/replicache/push1.mjs:58013:27)",
    },
    {
      "raw": "at file:///var/task/packages/functions/src/replicache/push1.mjs:76714:46",
    },
    {
      "raw": "at Object.fn (file:///var/task/packages/functions/src/replicache/push1.mjs:58262:16)",
    },
    {
      "raw": "at Server.execute (file:///var/task/packages/functions/src/replicache/push1.mjs:58279:16)",
    },
    {
      "raw": "at file:///var/task/packages/functions/src/replicache/push1.mjs:76784:22",
    },
    {
      "raw": "at runMicrotasks (<anonymous>)",
    },
    {
      "raw": "at processTicksAndRejections (node:internal/process/task_queues:96:5)",
    },
    {
      "raw": "at async db.transaction.isolationLevel (file:///var/task/packages/functions/src/replicache/push1.mjs:55329:25)",
    },
  ],
}
`;

exports[`node invoke 1`] = `
{
  "error": "NoSuchBucket",
  "failed": true,
  "message": "The specified bucket does not exist",
  "stack": [
    {
      "raw": "at de_NoSuchBucketRes (file:///var/task/packages/functions/src/events/app-stage-updated.mjs:51859:21)",
    },
    {
      "raw": "at de_ListObjectsV2CommandError (file:///var/task/packages/functions/src/events/app-stage-updated.mjs:51807:19)",
    },
    {
      "raw": "at runMicrotasks (<anonymous>)",
    },
    {
      "raw": "at processTicksAndRejections (node:internal/process/task_queues:96:5)",
    },
    {
      "raw": "at async file:///var/task/packages/functions/src/events/app-stage-updated.mjs:42732:20",
    },
    {
      "raw": "at async file:///var/task/packages/functions/src/events/app-stage-updated.mjs:41547:18",
    },
    {
      "raw": "at async file:///var/task/packages/functions/src/events/app-stage-updated.mjs:43230:38",
    },
    {
      "raw": "at async file:///var/task/packages/functions/src/events/app-stage-updated.mjs:41269:22",
    },
    {
      "raw": "at async file:///var/task/packages/functions/src/events/app-stage-updated.mjs:56745:19",
    },
    {
      "raw": "at async file:///var/task/packages/functions/src/events/app-stage-updated.mjs:56891:3",
    },
  ],
}
`;

exports[`node logtail 1`] = `
{
  "error": "TypeError",
  "failed": false,
  "message": "Cannot read properties of undefined (reading 'enabled')",
  "stack": [
    {
      "raw": "at Object.toJSON (file:///var/task/src/handlers/http.mjs:280853:35)",
    },
    {
      "raw": "at transform (file:///var/task/src/handlers/http.mjs:280495:30)",
    },
    {
      "raw": "at Document2.$toObject (file:///var/task/src/handlers/http.mjs:91609:25)",
    },
    {
      "raw": "at Document2.toJSON (file:///var/task/src/handlers/http.mjs:91810:19)",
    },
    {
      "raw": "at clone (file:///var/task/src/handlers/http.mjs:83888:21)",
    },
    {
      "raw": "at cloneObject (file:///var/task/src/handlers/http.mjs:83960:22)",
    },
    {
      "raw": "at clone (file:///var/task/src/handlers/http.mjs:83901:20)",
    },
    {
      "raw": "at Document2.$toObject (file:///var/task/src/handlers/http.mjs:91580:17)",
    },
    {
      "raw": "at Document2.toJSON (file:///var/task/src/handlers/http.mjs:91810:19)",
    },
    {
      "raw": "at RESPONSE.stringify [as _serializer] (<anonymous>)",
    },
  ],
}
`;

exports[`node logtail 2`] = `
{
  "error": "TypeError",
  "failed": false,
  "message": "Cannot read properties of undefined (reading 'enabled')",
  "stack": [
    {
      "raw": "at Object.toJSON (file:///var/task/src/handlers/http.mjs:280853:35)",
    },
    {
      "raw": "at transform (file:///var/task/src/handlers/http.mjs:280495:30)",
    },
    {
      "raw": "at Document2.$toObject (file:///var/task/src/handlers/http.mjs:91609:25)",
    },
    {
      "raw": "at Document2.toJSON (file:///var/task/src/handlers/http.mjs:91810:19)",
    },
    {
      "raw": "at clone (file:///var/task/src/handlers/http.mjs:83888:21)",
    },
    {
      "raw": "at cloneObject (file:///var/task/src/handlers/http.mjs:83960:22)",
    },
    {
      "raw": "at clone (file:///var/task/src/handlers/http.mjs:83901:20)",
    },
    {
      "raw": "at Document2.$toObject (file:///var/task/src/handlers/http.mjs:91580:17)",
    },
    {
      "raw": "at Document2.toJSON (file:///var/task/src/handlers/http.mjs:91810:19)",
    },
    {
      "raw": "at RESPONSE.stringify [as _serializer] (<anonymous>)",
    },
  ],
}
`;

exports[`node timeout 1`] = `
{
  "error": "LambdaTimeoutError",
  "failed": true,
  "message": "Task timed out after 120.12 seconds",
  "stack": [],
}
`;

exports[`node uncaught exception 1`] = `
{
  "error": "NoSuchBucket",
  "failed": true,
  "message": "The specified bucket does not exist",
  "stack": [
    {
      "raw": "at de_NoSuchBucketRes (file:///var/task/packages/functions/src/events/app-stage-updated.mjs:51859:21)",
    },
    {
      "raw": "at de_ListObjectsV2CommandError (file:///var/task/packages/functions/src/events/app-stage-updated.mjs:51807:19)",
    },
    {
      "raw": "at runMicrotasks (<anonymous>)",
    },
    {
      "raw": "at processTicksAndRejections (node:internal/process/task_queues:96:5)",
    },
    {
      "raw": "at async file:///var/task/packages/functions/src/events/app-stage-updated.mjs:42732:20",
    },
    {
      "raw": "at async file:///var/task/packages/functions/src/events/app-stage-updated.mjs:41547:18",
    },
    {
      "raw": "at async file:///var/task/packages/functions/src/events/app-stage-updated.mjs:43230:38",
    },
    {
      "raw": "at async file:///var/task/packages/functions/src/events/app-stage-updated.mjs:41269:22",
    },
    {
      "raw": "at async file:///var/task/packages/functions/src/events/app-stage-updated.mjs:56745:19",
    },
    {
      "raw": "at async file:///var/task/packages/functions/src/events/app-stage-updated.mjs:56891:3",
    },
  ],
}
`;

exports[`node undefined requestID 1`] = `
{
  "error": "Error",
  "failed": false,
  "message": "Missing AWS Lambda trace data for X-Ray. Ensure Active Tracing is enabled and no subsegments are created outside the function handler.",
  "stack": [
    {
      "raw": "at Object.contextMissingLogError [as contextMissing] (file:///var/task/functions/crons/property/queue-property-updates.js:738560:23)",
    },
    {
      "raw": "at Segment.resolveLambdaTraceData (file:///var/task/functions/crons/property/queue-property-updates.js:739641:47)",
    },
    {
      "raw": "at Object.getSegment (file:///var/task/functions/crons/property/queue-property-updates.js:738604:21)",
    },
    {
      "raw": "at tryGetCurrentSegment (file:///var/task/functions/crons/property/queue-property-updates.js:742664:29)",
    },
    {
      "raw": "at Promise2.then (file:///var/task/functions/crons/property/queue-property-updates.js:742631:49)",
    },
    {
      "raw": "at file:///var/task/functions/crons/property/queue-property-updates.js:820938:34",
    },
    {
      "raw": "at step (file:///var/task/functions/crons/property/queue-property-updates.js:5739:25)",
    },
    {
      "raw": "at Object.next (file:///var/task/functions/crons/property/queue-property-updates.js:5686:20)",
    },
    {
      "raw": "at file:///var/task/functions/crons/property/queue-property-updates.js:5672:73",
    },
    {
      "raw": "at new Promise (<anonymous>)",
    },
  ],
}
`;

exports[`node weird error 1`] = `
{
  "error": "SupernovaException [Error]",
  "failed": false,
  "message": "Unknown message",
  "stack": [
    {
      "raw": "at SupernovaException.notFound (file:///var/task/src/apps/docs-server/[path+]/route.mjs:54792:12)",
    },
    {
      "raw": "at file:///var/task/src/apps/docs-server/[path+]/route.mjs:87051:32",
    },
    {
      "raw": "at async file:///var/task/src/apps/docs-server/[path+]/route.mjs:87075:14",
    },
    {
      "raw": "at async file:///var/task/src/apps/docs-server/[path+]/route.mjs:87162:27",
    },
    {
      "raw": "at async withActiveSession (file:///var/task/src/apps/docs-server/[path+]/route.mjs:86158:70)",
    },
    {
      "raw": "at async file:///var/task/src/apps/docs-server/[path+]/route.mjs:87148:51",
    },
    {
      "raw": "at async promiseWithTimeout (file:///var/task/src/apps/docs-server/[path+]/route.mjs:55030:18)",
    },
    {
      "raw": "at async file:///var/task/src/apps/docs-server/[path+]/route.mjs:86991:26",
    },
    {
      "raw": "at async Runtime.handler (file:///var/task/src/apps/docs-server/[path+]/route.mjs:86039:12)",
    },
  ],
}
`;

exports[`node with brackets 1`] = `
{
  "error": "[BadRequestError]",
  "failed": false,
  "message": "Event object failed validation",
  "stack": [
    {
      "raw": "at createError (file:///var/task/packages/functions/user/editProfile.mjs:826205:10)",
    },
    {
      "raw": "at validatorMiddlewareBefore (file:///var/task/packages/functions/user/editProfile.mjs:826293:15)",
    },
    {
      "raw": "at async runMiddlewares (file:///var/task/packages/functions/user/editProfile.mjs:826148:17)",
    },
    {
      "raw": "at async runRequest (file:///var/task/packages/functions/user/editProfile.mjs:826106:5)",
    },
  ],
}
`;

exports[`payload too big 1`] = `
{
  "error": "LambdaRuntimeError",
  "failed": true,
  "message": "Failed to post handler success response. Http response code: 413.",
  "stack": [],
}
`;

exports[`powertools 1`] = `
{
  "error": "FooError",
  "failed": true,
  "message": "test error",
  "stack": [
    {
      "raw": "FooError: test error",
    },
    {
      "raw": "    at j.processRecord (/lib/tracer.ts:54:9)",
    },
    {
      "raw": "    at j.processRecord (/node_modules/@aws-lambda-powertools/batch/lib/BatchProcessor.js:10:39)",
    },
    {
      "raw": "    at record (/node_modules/@aws-lambda-powertools/batch/lib/BasePartialProcessor.js:23:70)",
    },
    {
      "raw": "    at Array.map (<anonymous>)",
    },
    {
      "raw": "    at j.process (/node_modules/@aws-lambda-powertools/batch/lib/BasePartialProcessor.js:23:49)",
    },
    {
      "raw": "    at processPartialResponse (/node_modules/@aws-lambda-powertools/batch/lib/processPartialResponse.js:10:21)",
    },
    {
      "raw": "    at Runtime.handler (/lib/tracer.ts:69:10)",
    },
    {
      "raw": "    at Runtime.handleOnceNonStreaming (file:///var/runtime/index.mjs:1147:29)",
    },
  ],
}
`;
